controllederrors.adb:8:5: error: objects requiring finalization currently require a specific declaration
controllederrors.adb:9:5: error: an abstract type cannot be used to create an object
controllederrors.adb:15:17: error: class-wide controlled or abstract allocators are not yet supported
controllederrors.adb:16:60: error: class-wide controlled deallocation is not yet supported
controllederrors.adb:17:5: error: limited or class-wide controlled function results are not yet supported
controllederrors.adb:21:9: error: a controlled completion requires a tagged private view
controllederrors.adb:19:9: error: 'Private_Guard' is never described
controllederrors.adb:26:9: error: a private type and its completion must agree on abstractness
controllederrors.adb:24:9: error: 'Root' is never described
controllederrors.adb:31:5: error: limited controlled objects cannot be assigned
controllederrors.adb:32:10: error: a limited controlled type has no predefined equality
