genericformalerrors.adb:2:15: error: generic formal type definition 'mod' is not yet supported
genericformalerrors.adb:7:15: error: generic formal type definition 'new' is not yet supported
genericformalerrors.adb:12:15: error: generic formal type definition 'access' is not yet supported
genericformalerrors.adb:17:15: error: generic formal type definition 'tagged' is not yet supported
genericformalerrors.adb:22:15: error: generic formal type definition 'abstract' is not yet supported
genericformalerrors.adb:27:24: error: generic formal range definition must end after '<>'
genericformalerrors.adb:32:25: error: generic formal digits definition must end after '<>'
