importconventionsyntaxerrors.adb:3:18: error: expected '(' after pragma Import, found ';'
importconventionsyntaxerrors.adb:4:20: error: expected 'identifier' as Import convention, found ','
importconventionsyntaxerrors.adb:5:20: error: expected 'identifier' as Import convention, found 'C'
importconventionsyntaxerrors.adb:6:22: error: expected ',' after Import convention, found 'Foreign_Routine'
importconventionsyntaxerrors.adb:7:40: error: pragma Import requires a nonempty external name
importconventionsyntaxerrors.adb:8:42: error: pragma Import requires a nonempty external name
importconventionsyntaxerrors.adb:9:40: error: expected 'string literal' as Import external name, found ')'
importconventionsyntaxerrors.adb:10:42: error: expected 'string literal' as Import external name, found '123'
importconventionsyntaxerrors.adb:11:23: error: expected a subprogram name in pragma Import
