reservedworderrors.adb:2:10: error: expected 'identifier' in type declaration, found 'aliased'
reservedworderrors.adb:3:10: error: expected 'identifier' in type declaration, found 'ALIASED'
reservedworderrors.adb:4:10: error: expected 'identifier' in type declaration, found 'Aliased'
reservedworderrors.adb:5:10: error: expected 'identifier' in type declaration, found 'protected'
reservedworderrors.adb:6:10: error: expected 'identifier' in type declaration, found 'PROTECTED'
reservedworderrors.adb:7:10: error: expected 'identifier' in type declaration, found 'Protected'
reservedworderrors.adb:8:10: error: expected 'identifier' in type declaration, found 'requeue'
reservedworderrors.adb:9:10: error: expected 'identifier' in type declaration, found 'REQUEUE'
reservedworderrors.adb:10:10: error: expected 'identifier' in type declaration, found 'Requeue'
reservedworderrors.adb:11:10: error: expected 'identifier' in type declaration, found 'until'
reservedworderrors.adb:12:10: error: expected 'identifier' in type declaration, found 'UNTIL'
reservedworderrors.adb:13:10: error: expected 'identifier' in type declaration, found 'Until'
reservedworderrors.adb:14:10: error: expected 'identifier' in type declaration, found 'interface'
reservedworderrors.adb:15:10: error: expected 'identifier' in type declaration, found 'INTERFACE'
reservedworderrors.adb:16:10: error: expected 'identifier' in type declaration, found 'Interface'
reservedworderrors.adb:17:10: error: expected 'identifier' in type declaration, found 'synchronized'
reservedworderrors.adb:18:10: error: expected 'identifier' in type declaration, found 'SYNCHRONIZED'
reservedworderrors.adb:19:10: error: expected 'identifier' in type declaration, found 'Synchronized'
