subprogramstuberrors.adb:2:23: error: subprogram stubs ('is separate') are not yet supported
subprogramstuberrors.adb:3:56: error: subprogram stubs ('is separate') are not yet supported
subprogramstuberrors.adb:5:28: error: subprogram stubs ('is separate') are not yet supported
subprogramstuberrors.adb:6:60: error: subprogram stubs ('is separate') are not yet supported
subprogramstuberrors.adb:13:27: error: subprogram stubs ('is separate') are not yet supported
subprogramstuberrors.adb:14:42: error: subprogram stubs ('is separate') are not yet supported
subprogramstuberrors.adb:24:27: error: subprogram stubs ('is separate') are not yet supported
subprogramstuberrors.adb:30:61: error: subprogram stubs ('is separate') are not yet supported
subprogramstuberrors.adb:34:29: error: package body stubs ('is separate') are not yet supported
subprogramstuberrors.adb:41:31: error: package body stubs ('is separate') are not yet supported
subprogramstuberrors.adb:48:37: error: package body stubs ('is separate') are not yet supported
subprogramstuberrors.adb:51:33: error: subprogram stubs ('is separate') are not yet supported
subprogramstuberrors.adb:52:48: error: subprogram stubs ('is separate') are not yet supported
subprogramstuberrors.adb:55:39: error: package body stubs ('is separate') are not yet supported
